
Deepesh:

non-serializable value => which cannot be converted to json , issue with something realted to register action data

VM3392:1 A non-serializable value was detected in an action, in the path: `register`. Value: ƒ register2(key) {
    _pStore.dispatch({
      type: REGISTER,
      key
    });
  } 
Take a look at the logic that dispatched this action:  Object 
(See https://redux.js.org/faq/actions#why-should-type-be-a-string-or-at-least-serializable-why-should-my-action-types-be-constants) 
(To allow non-serializable values see: https://redux-toolkit.js.org/usage/usage-guide#working-with-non-serializable-data)